GNU bash, version 4.4.20(1)-release (x86_64-pc-linux-gnu)
 gcc -g p1original.c
 ./a.out
Enter the numbers1
2
sum of 1 + 2 is 3 
 gdb a.out
GNU gdb (Ubuntu 8.1.1-0ubuntu1) 8.1.1
Copyright (C) 2018 Free Software Foundation, Inc.
License GPLv3+: GNU GPL version 3 or later <http://gnu.org/licenses/gpl.html>
This is free software: you are free to change and redistribute it.
There is NO WARRANTY, to the extent permitted by law.  Type "show copying"
and "show warranty" for details.
This GDB was configured as "x86_64-linux-gnu".
Type "show configuration" for configuration details.
For bug reporting instructions, please see:
<http://www.gnu.org/software/gdb/bugs/>.
Find the GDB manual and other documentation resources online at:
<http://www.gnu.org/software/gdb/documentation/>.
For help, type "help".
Type "apropos word" to search for commands related to "word"...
Reading symbols from a.out...done.
(gdb) b main
Breakpoint 1 at 0x7b1: file p1original.c, line 17.
(gdb) r
Starting program: /home/runner/pps-IA1-practice/a.out 
warning: Error disabling address space randomization: Operation not permitted

Breakpoint 1, main () at p1original.c:17
17  {
(gdb) n
19    input(&a,&b);
(gdb) s
input (a=0x7ffedd28531c, b=0x7ffedd285320) at p1original.c:4
4     printf("Enter the numbers");
(gdb) n
5     scanf("%d%d",a,b);
(gdb) n
Enter the numbers2
3
6   }
(gdb) n
main () at p1original.c:20
20    add(a,b,&sum);
(gdb) s
add (a=2, b=3, sum=0x7ffedd285324) at p1original.c:9
9     *sum = a+b;
(gdb) n
11  }
(gdb) n
main () at p1original.c:21
21    output(a,b,sum);
(gdb) s
output (a=2, b=3, sum=5) at p1original.c:14
14    printf("sum of %d + %d is %d",a,b,sum);
(gdb) n
15  }
(gdb) n